✅ 已婚不觸發 blinddate
✅ 已婚不觸發 marriage
✅ 已婚不觸發 firstlove
✅ 已婚不觸發 exback
✅ 已婚不觸發 longdistance
✅ 已婚不觸發 old_romance
✅ 已婚會觸發 affair(中年誘惑)
✅ 單身會觸發相親
✅ 單身不觸發 affair
✅ 待業不觸發 promotion
✅ 待業不觸發 overtime
✅ 待業不觸發 toxicboss
✅ 待業不觸發 networking
✅ 待業不觸發 retire
✅ 待業不觸發 sidehustle
✅ 待業會觸發面試
✅ 在職會觸發升遷
✅ 在職不觸發面試
✅ 在職不觸發第一份工作
✅ 退休不觸發加班
✅ 低健康(hp=20)觸發疾病事件
✅ 高財富(mny=90)觸發富豪投資
✅ 健康正常不觸發疾病
✅ 低快樂(hap=18)觸發憂鬱事件
✅ 離婚後可再相親
✅ 離婚後不觸發 affair
✅ R15 overtime: 高屬性顯示門檻選項 ❤️健康70+
✅ R15 overtime: 低屬性隱藏門檻選項
✅ R15 invest: 高屬性顯示門檻選項 🧠智力75+
✅ R15 invest: 低屬性隱藏門檻選項
✅ R15 buyhouse: 高屬性顯示門檻選項 💰財富80+
✅ R15 buyhouse: 低屬性隱藏門檻選項
✅ R15 scam: 高屬性顯示門檻選項 🧠智力65+
✅ R15 scam: 低屬性隱藏門檻選項
✅ R15 healthcheck: 高屬性顯示門檻選項 ❤️健康70+
✅ R15 healthcheck: 低屬性隱藏門檻選項
✅ R15 blinddate: 高屬性顯示門檻選項 💅外貌70+
✅ R15 blinddate: 低屬性隱藏門檻選項
✅ R15 toxicboss: 高屬性顯示門檻選項 💅外貌65+
✅ R15 toxicboss: 低屬性隱藏門檻選項
✅ R15 gym_resolution: 高屬性顯示門檻選項 ❤️健康60+
✅ R15 gym_resolution: 低屬性隱藏門檻選項
✅ R15 square_dance: 高屬性顯示門檻選項 💅外貌65+
✅ R15 square_dance: 低屬性隱藏門檻選項
✅ R15 midcrisis: 高屬性顯示門檻選項 💰財富70+
✅ R15 midcrisis: 低屬性隱藏門檻選項
✅ R15 marriage: 高屬性顯示門檻選項 💅外貌75+
✅ R15 marriage: 低屬性隱藏門檻選項
✅ R15 work_burnout: 高屬性顯示門檻選項 😄快樂60+
✅ R15 work_burnout: 低屬性隱藏門檻選項
✅ R15 tr_nightclass: 高屬性顯示門檻選項 🧠智力90+
✅ R15 tr_nightclass: 低屬性隱藏門檻選項
✅ R15 rl_meet: 高屬性顯示門檻選項 💅外貌70+
✅ R15 rl_meet: 低屬性隱藏門檻選項
✅ R15 rl_confess: 高屬性顯示門檻選項 🧠智力70+
✅ R15 rl_confess: 低屬性隱藏門檻選項
✅ R15 rl_branch: 高屬性顯示門檻選項 💰財富75+
✅ R15 rl_branch: 低屬性隱藏門檻選項
✅ R15 rl_baby: 高屬性顯示門檻選項 💰財富80+
✅ R15 rl_baby: 低屬性隱藏門檻選項
✅ R15 interview: 智力檢定選項可見
✅ R15 job_headhunt: 智力檢定選項可見
✅ R15 crypto_fomo: 智力檢定選項可見
✅ R15 sr 檢定高屬性必勝路徑正確（gateWin+1、win 文案）
✅ R15 sr 檢定低屬性必輸路徑正確（不計 gateWin、lose 文案）
✅ R15 門檻選項點擊計入 gateWin
✅ R15 門檻選項走專屬結果文案
✅ R15 四檔權衡事件（熬夜進修/醫美/接案/裸辭環島）正常進池
✅ R15 成就「巔峰謝幕」：任一屬性 90+ 解鎖、89 不解鎖
✅ R15 成就「五圍水平儀」：均衡解鎖、偏科不解鎖
✅ R15 成就「屬性即正義」：gateWin≥3 解鎖
✅ R15 brainburn 收錄進死法圖鑑（rare + 模糊提示）
✅ R15 智力90+ 宇宙終極題 → brainburn 稀有死亡全流程
✅ R15 brainburn 寫入 SAVE.deaths 跨局收集
✅ R15 S.peakAge 巔峰年齡正常記錄
✅ R15 屬性人生回顧渲染零 rng 消耗
✅ R15 回顧含巔峰值/巔峰年齡/謝幕值
✅ R15 蓋棺定論依數值分檔正確（高財富/低外貌）
✅ R15 結算頁實際渲染屬性人生回顧區塊
✅ R15 舊存檔缺 peakAge 不炸（ensureState 補鍵 + 回顧 fallback）
✅ R16+R29+R35 出身共 23 種（實際 23）
✅ R16 新 6 種出身全數註冊進 ORIGIN_MAP
✅ R16 全部出身守平衡護欄（單屬性 ≤8、淨總和 +4~+5）
✅ R16 全部出身開場白/圖示/名稱齊備
✅ R16 同種子兩次開局出身完全一致（rng 抽選復現性）
✅ R16+R29+R35 種子掃描 23 種出身全部可被抽中（抽到 23 種）
✅ R16 og_southhouse: 對應出身在 stage 內進池
✅ R16 og_southhouse: 選項走得通（res 文案落地）
✅ R16 og_southhouse: 專屬 flag 正確寫入
✅ R16 og_southhouse: 其他出身不進池
✅ R16 og_northdrift: 對應出身在 stage 內進池
✅ R16 og_northdrift: 選項走得通（res 文案落地）
✅ R16 og_northdrift: 專屬 flag 正確寫入
✅ R16 og_northdrift: 其他出身不進池
✅ R16 og_mlm: 對應出身在 stage 內進池
✅ R16 og_mlm: 選項走得通（res 文案落地）
✅ R16 og_mlm: 專屬 flag 正確寫入
✅ R16 og_mlm: 其他出身不進池
✅ R16 og_funeral: 對應出身在 stage 內進池
✅ R16 og_funeral: 選項走得通（res 文案落地）
✅ R16 og_funeral: 專屬 flag 正確寫入
✅ R16 og_funeral: 其他出身不進池
✅ R16 og_breakfast: 對應出身在 stage 內進池
✅ R16 og_breakfast: 選項走得通（res 文案落地）
✅ R16 og_breakfast: 專屬 flag 正確寫入
✅ R16 og_breakfast: 其他出身不進池
✅ R16 og_civil: 對應出身在 stage 內進池
✅ R16 og_civil: 選項走得通（res 文案落地）
✅ R16 og_civil: 專屬 flag 正確寫入
✅ R16 og_civil: 其他出身不進池
✅ R16 轉生天賦共 11 個（實際 11）
✅ R16 新 4 天賦註冊且定價落在 60-150 梯度
✅ R16 rebirthUnlock 購買成功且正確扣點
✅ R16 解鎖後可裝備（rebirthEquipped 認得新天賦）
✅ R16 rb_dice：未裝備時 roll=87 < 90 檢定失敗（基準）
✅ R16 rb_dice：裝備後 roll=87+5 ≥ 90 檢定成功（擲骰 +5 生效）
✅ R16 rb_zen：低潮年情緒保底 +2（裸 8 / 裝備 10）
✅ R16 rb_age：50+ 偶數歲免扣老化（4 年裸 60→52 / 裝備 60→54）
✅ R16 rb_karma：同條件結算 +1 輪迴點（2 → 3）
✅ R16 rb_karma：破 5 上限單局拿 6 點（實際 6）
✅ R16 成就「孟婆的白金會員」：rpGain=6 當局即解鎖並計入戰報
✅ R16 成就「投胎大數據分析師」：集滿 10 種出身 check 通過
✅ R16 成就「生死課資深助教」：禮儀社出身活到 80 解鎖、79 歲/他出身不解鎖
✅ R16 三個新成就獵人提示齊備
✅ R29 新 6 種出身全數註冊且出生旗標宣告正確
✅ R29 舊出身無 flags 鍵（行為同舊版，R35 新出身另測）
✅ R29 種子掃描 6 種新出身全部可被抽中（抽到 6 種）
✅ R29 newLife 出生旗標自動寫入（挑戰模式同種子同旗標）
✅ R29 抽到舊出身時不殘留任何 R29 旗標
✅ R29 og_grandma: 對應出身在 stage 內進池
✅ R29 og_grandma: 選項走得通且專屬 flag 正確寫入
✅ R29 og_grandma: 其他出身不進池
✅ R29 og_orchard: 對應出身在 stage 內進池
✅ R29 og_orchard: 選項走得通且專屬 flag 正確寫入
✅ R29 og_orchard: 其他出身不進池
✅ R29 og_pundoh: 對應出身在 stage 內進池
✅ R29 og_pundoh: 選項走得通且專屬 flag 正確寫入
✅ R29 og_pundoh: 其他出身不進池
✅ R29 og_blackhand: 對應出身在 stage 內進池
✅ R29 og_blackhand: 選項走得通且專屬 flag 正確寫入
✅ R29 og_blackhand: 其他出身不進池
✅ R29 og_herbal: 對應出身在 stage 內進池
✅ R29 og_herbal: 選項走得通且專屬 flag 正確寫入
✅ R29 og_herbal: 其他出身不進池
✅ R29 og_taxi: 對應出身在 stage 內進池
✅ R29 og_taxi: 選項走得通且專屬 flag 正確寫入
✅ R29 og_taxi: 其他出身不進池
✅ R29 typhoon_holiday: 帶 orchardKid 顯示出身限定選項
✅ R29 typhoon_holiday: 無旗標隱藏出身限定選項
✅ R29 firstjob: 帶 blackhandKid 顯示出身限定選項
✅ R29 firstjob: 無旗標隱藏出身限定選項
✅ R29 interview: 帶 taxiKid 顯示出身限定選項
✅ R29 interview: 無旗標隱藏出身限定選項
✅ R29 回收選項點擊：黑手接班 employed/familybiz/文案全落地
✅ R29 成就「阿嬤的金孫」：隔代教養×快樂70+ 解鎖、69/他出身不解鎖
✅ R29 成就「黑手出頭天」：黑手世家×財富80+ 解鎖、79/他出身不解鎖
✅ R29 兩個新成就獵人提示齊備
✅ R29 分享卡帶出身欄位且兩次生成逐字一致
✅ R35 新 4 種出身全數註冊且出生旗標宣告正確
✅ R35 新 3 天賦註冊且淨值 ≤ 既有級距(+30)
✅ R35 結算謝幕文案 4 種出身齊備
✅ R35 化學反應表 6 組：天賦/出身皆存在、單組淨值 +4~+5
✅ R35 og_juancun: 對應出身在 stage 內進池
✅ R35 og_juancun: 選項走得通且專屬 flag 正確寫入
✅ R35 og_juancun: 其他出身不進池
✅ R35 og_kamati: 對應出身在 stage 內進池
✅ R35 og_kamati: 選項走得通且專屬 flag 正確寫入
✅ R35 og_kamati: 其他出身不進池
✅ R35 og_seafarer: 對應出身在 stage 內進池
✅ R35 og_seafarer: 選項走得通且專屬 flag 正確寫入
✅ R35 og_seafarer: 其他出身不進池
✅ R35 og_troupe: 對應出身在 stage 內進池
✅ R35 og_troupe: 選項走得通且專屬 flag 正確寫入
✅ R35 og_troupe: 其他出身不進池
✅ R35 化學反應命中必帶旗標＋開場日誌（3000 種子命中 55 次）
✅ R35 未命中組合零殘留（行為同舊版）
✅ R35 化學反應數值落地：同種子有/無反應表，屬性差恰為該組 eff
✅ R35 結算頁：新出身帶專屬謝幕文案
✅ R35 結算頁：舊出身不顯示 R35 謝幕文案
✅ R35 成就「戲班台柱」：戲班×外貌80+ 解鎖、79/他出身不解鎖
✅ R35 成就「跑船人的存摺」：跑船×財富75+ 解鎖、74 不解鎖
✅ R35 成就「柑仔店的快樂庫存」：柑仔店×快樂75+ 解鎖、74 不解鎖
✅ R35 成就「天作之合」：化學反應旗標解鎖、無旗標不解鎖
✅ R35 四個新成就獵人提示齊備
✅ R23 祖傳加成共 5 個（實際 5）
✅ R23 祖傳加成價格嚴格遞增
✅ R23 LG_MAP 註冊完整、3 個新成就皆有獵人提示
✅ R23 舊存檔缺 legacy 鍵 → legacyData() 就地修補完整結構不炸
✅ R23 陰德公式（B 級局）：壽命/財富/評價/新成就折算正確
✅ R23 陰德公式（S 級局）：高表現局折算正確
✅ R23 陰德 yd 與 ydTotal 同步入帳
✅ R23 lastMny 記下上一世謝幕財富（祖產紅包繼承用）
✅ R23 歷代名冊：死亡即寫入（世數/享年/評級正確）
✅ R23 歷代名冊 cap 10：連死 12 局只留最近 10 世
✅ R23 名冊世數正確輪替、欄位完整
✅ R23 名冊小傳文案確定性生成（零 rng、非空）
✅ R23 祖產紅包：開局繼承上一世 10% 財富（84→+8），其他屬性不動
✅ R23 祖產紅包：上一世財富 0 → 開局與裸開完全一致
✅ R23 祖先開過光：指定外貌 → 開局外貌 +5
✅ R23 老靈魂：開局智力 +3、快樂 +3
✅ R23 祖墳冒青煙：最弱屬性 <40 保底拉到 40、其他屬性不動
✅ R23 加成全程零 rng 消耗（種子序列不變，復現性不破功）
✅ R23 挑戰/對戰模式：加成全禁用，同種子與裸開完全一致
✅ R23 一般模式 S.lgk 正確掛載全部已購加成
✅ R23 護身符：童年致死判定被擋（健康硬撐 ≥3）
✅ R23 護身符：未購買時同條件童年照樣橫死（非死碼基準）
✅ R23 護身符：13 歲後不再保護
✅ R23 護身符：童年選擇歸零也擋，且不消耗死神好人卡
✅ R23 立契：陰德不足擋下且不扣款
✅ R23 立契：購買成功正確扣款、重複購買不重複扣
✅ R23 成就「祖產敗光光」：花到一毛不剩立契當下解鎖
✅ R23 成就「香火鼎盛・祖祠大滿貫」：集滿 5 件解鎖
✅ R23 祖先開過光：改選屬性免費生效
✅ R23 祖祠面板渲染零 rng 消耗
✅ R23 祖祠面板：加成列表/世襲標記/歷代名冊齊備
✅ R55 e90 局：本年代兩事件進池
✅ R55 e90 局：他年代事件不進池
✅ R55 e10 局：起薪傳說在工作期進池
✅ R55 舊存檔無 era 鍵：年代事件全不進池
✅ R56 魯蛇大翻身：五維鎖 20、巔峰/谷底/年史同步重置
✅ R56 劇本局：轉生/祖傳/開局天賦三選一全禁用
✅ R56 疫情世代：年代鎖定 e20、限定事件進池、他年代絕緣
✅ R56 田僑仔：財富鎖 95、流失 ×1.5、敗家事件加權 ×2.5
✅ R56 22K 永動機：財富增益砍半
✅ R56 非劇本局零汙染：規則與權重完全不變
✅ R56 未通關：不發徽章、不解成就
✅ R56 通關：徽章發放＋r56_first 解鎖＋跨輪迴持久化
✅ R56 集滿徽章：r56_all 大滿貫成就解鎖
✅ R56 結算頁與文字戰報帶「劇本：○○（通關/未通關）」字樣
✅ R57 理財事件（跟會/保單/股市/定存/頭期款）工作期進池
✅ R57 樂透刮刮樂青年期進池
✅ R57 跟會：高魅力顯示會頭選項、低魅力隱藏（屬性驅動人脈）
✅ R57 頭期款：高財富顯示下訂選項、低財富隱藏
✅ R57 股市 sr 智力檢定：高智力必勝（r57_leekwin 旗標＋win 文案）
✅ R57 股市 sr 智力檢定：低智力必輸（不落旗標、lose 文案）
✅ R57 e70 局：萬點崩盤進池、他年代理財事件絕緣
✅ R57 e80 局：雙卡風暴進池
✅ R57 e00 局：航海王當沖進池
✅ R57 舊存檔無 era 鍵：年代理財事件全不進池
✅ R57 年代理財事件自動入 R46 里程碑保底（進窗口 2 年）
✅ R57 huiboom 收錄進死法圖鑑（rare＋模糊提示）
✅ R57 快樂見底重押三會 → 被倒會氣絕全流程＋跨局收集
✅ R57 快樂正常被倒會：活路分支（虧錢長智慧、零誤殺）
✅ R57 jackpotgg 收錄進死法圖鑑（rare＋模糊提示）
✅ R57 體力見底全梭刮刮樂 → 頭獎嚇死全流程＋跨局收集
✅ R57 體力正常梭哈：活路分支（八百元再投入歸零）
✅ R57 成就「巷口央行行長」：會頭旗標解鎖、無旗標不解鎖
✅ R57 成就「少年股神」：檢定贏旗標解鎖、無旗標不解鎖
✅ R57 成就「台味理財全修課」：同局 3 堂理財課解鎖、2 堂不解鎖
✅ R57 三個新成就獵人提示齊備
✅ R57 舊存檔缺 seen/era 鍵：ensureState 補鍵、成就不誤觸不炸
✅ R57 非觸發局零汙染：開局 S.flags 無任何 r57 鍵
✅ R58 ① 入口進池、未進鏈前各段全不進池
✅ R58 ① 抽籤後 army/r58_draft 落地、新訓進池且部隊未解鎖
✅ R58 ① 新訓→部隊→退伍逐段解鎖（順序正確）
✅ R58 ① 退伍收旗標、once 不重複；R46 各段保底註冊
✅ R58 ② 體質 80 抽籤分流海陸（r58_marine）
✅ R58 ② 體質 40 抽籤分流爽單位（r58_lucky、零誤掛海陸）
✅ R58 ② 天堂路選項海陸旗標限定（非海陸隱藏）
✅ R58 ③ e20 募兵制：r58_enlist 進池、義務役 army 絕緣
✅ R58 ③ 非 e20 年代：army 照常進池、募兵入口絕緣
✅ R58 ③ e70 顯示兩年義務役選項、四個月絕緣
✅ R58 ③ e10 顯示四個月軍訓役選項、兩年絕緣
✅ R58 ③ e90 兩個年代限定選項皆絕緣
✅ R58 ④ 簽下去：跳過退伍事件、志願役事件進池
✅ R58 ④ 續簽：r58_lifer＋employed＋signlife 全落地（財富穩、自由扣）
✅ R58 ④ 約滿不續：r58_vet 落地、不誤掛 lifer
✅ R58 ⑤ 替代役選項智力 72 門檻（低智隱藏）
✅ R58 ⑤ 替代役：r58_alt 落地、走替代役線且新訓絕緣
✅ R58 ⑤ 替代役服勤完 → 退伍事件進池（鏈收攏）
✅ R58 ⑥ bayonet/sentryscare 收錄進死法圖鑑（rare＋模糊提示）
✅ R58 ⑥ 體力見底硬撐刺槍示範班 → 刺槍自捅全流程＋跨局收集
✅ R58 ⑥ 體力正常刺槍：活路分支（教範君、零誤殺、鏈段照常推進）
✅ R58 ⑥ 體力見底夜哨偷瞇 → 站哨嚇死全流程＋跨局收集
✅ R58 ⑥ 體力正常偷瞇：活路分支（欠學長一罐蠻牛、零誤殺）
✅ R58 ⑦ 成就「海陸蛙人」：天堂路旗標解鎖、只抽中海陸不解鎖
✅ R58 ⑦ 成就「簽下去的男人」：續簽解鎖、只簽約未續不解鎖
✅ R58 ⑦ 成就「數饅頭全勤獎」：完整走完解鎖、替代役捷徑不解鎖
✅ R58 ⑦ 三個新成就獵人提示齊備
✅ R58 ⑧ 舊存檔無 era 鍵：army 行為同舊版、募兵與鏈段全絕緣不炸
✅ R58 ⑧ 開局零汙染：S.flags 無任何 r58 鍵
✅ R58 ⑧ 未服役局零汙染：兵役鏈全段不進池
✅ R58 ⑧ 平衡護欄：全鏈一般選項（含 br 分流）|eff| ≤ 8
✅ R59 ① 墓誌銘模板全職業(8)/全年代(6)覆蓋
✅ R59 ① 模板總數 14 >= 12
✅ R59 ② 墓誌銘確定性：同一局重複呼叫逐字一致（零 rng）
✅ R59 ② 模板挑選邏輯：職業×年代窮舉非空、R59 模板可被 lifeHash 選中
✅ R59 ③ 各死法×各年代皆有對應文案
✅ R59 ④ canvas 分享卡函式存在參數齊、接上年代/職業/墓誌銘/開源連結
✅ R59 ⑤ 文字版含官網連結＋墓誌銘
✅ R59 ⑤ 分享內容無個資 pattern（路徑/使用者名/email）
✅ R59 ⑥ 舊存檔相容：無 era/careerId 鍵不炸、欄位自動省略
✅ R59 ⑦ 零汙染：分享層純讀不寫 S/SAVE、無 r59 旗標殘留
✅ R59 ⑧ 放寬冷門事件平衡護欄：|eff|<=8、w<=3、不重複觸發
✅ R60 ① 7 事件齊備全 once、stage 覆蓋童年到老年
✅ R60 ① 平衡護欄：單選項 |eff|<=8（含 br 分流）、w<=3
✅ R60 ① 遶境/老年廟口 R46 保底註冊（童年段不配保底零擠壓）
✅ R60 ② 收驚/安太歲/普渡 inc r60_merit 香火逐次累積
✅ R60 ② 香火滿三炷 → 成就「香火 VIP」解鎖
✅ R60 ② 鐵齒線：tiechi 計數×2＋鬼月活路旗標、零誤掛香火
✅ R60 ② 成就「鐵齒銅牙」：鐵齒×2＋70 歲門檻（60 歲不解鎖）
✅ R60 ③ 求籤祖祠分支：無祖傳加成隱藏、有立契才現身
✅ R60 ③ 蔭澤選項落地 r60_blessed（祖祠香火回扣 R23）
✅ R60 ④ e70 顯示庄頭辦桌、文創絕緣
✅ R60 ④ e10 顯示文創進香、庄頭絕緣
✅ R60 ④ e90 兩個年代選項皆絕緣
✅ R60 ④ 舊存檔無 era 鍵：年代選項隱藏、基本選項照常
✅ R60 ⑤ 無香火局：陰德公式不變（零汙染）
✅ R60 ⑤ 香火折陰德：2 炷 +2、5 炷封頂 +3（上限護欄）
✅ R60 ⑥ pilgrimdry/ghostdare 收錄進死法圖鑑（rare＋模糊提示）
✅ R60 ⑥ 體力見底硬走全程 → 遶境脫水全流程＋跨局收集
✅ R60 ⑥ 體力正常徒步：活路分支（走完全程＋香火 +1、零誤殺）
✅ R60 ⑥ 體力見底挑戰禁忌 → 中元鐵齒全流程＋跨局收集
✅ R60 ⑥ 體力正常挑戰禁忌：活路分支（重感冒衛教課、零誤殺）
✅ R60 ⑦ 成就「香火 VIP」：3 炷解鎖、2 炷不解鎖
✅ R60 ⑦ 成就「宮廟巡迴課」：4 堂解鎖、3 堂不解鎖、舊存檔無 seen 不炸
✅ R60 ⑦ 三個新成就獵人提示齊備
✅ R60 ⑧ 零汙染：開局 S.flags 無任何 r60 鍵
✅ R61 ① 8 事件齊備全 once、stage 覆蓋童年到老年
✅ R61 ① 平衡護欄：單選項 |eff|<=8（含 br 分流）、w<=3
✅ R61 ① 戒糖/老年養生 R46 保底註冊（童年夜市/求學手搖不配保底零擠壓）
✅ R61 ② 手搖 inc r61_boba 成癮計數落地（全糖第一杯）
✅ R61 ② 戒糖挑戰 cond：1 杯鎖定、2 杯解鎖（隱性成癮門檻）
✅ R61 ② 泡麵配手搖再累積／戒三天破功 +1／硬戒落 r61_sugarfree
✅ R61 ③ e70 顯示泡沫紅茶店、排隊名店絕緣
✅ R61 ③ e10 顯示排隊名店、泡沫紅茶店絕緣
✅ R61 ③ e90 兩個年代選項皆絕緣
✅ R61 ③ 舊存檔無 era 鍵：年代選項隱藏、基本選項照常
✅ R61 ④ 團購倒會倖存者分支：沒被倒過會隱藏、R57 受害旗標現身
✅ R61 ④ PTSD 選項落地 r61_nohui（理財記憶回扣 R57）
✅ R61 ⑤ 宵夜毛孩分支：無寵物/寵物已別離隱藏、在世毛孩現身
✅ R61 ⑤ 分食選項落地 r61_petshare（毛孩稅回扣 R54）
✅ R61 ⑥ yexiaoking/sugarcrash 收錄進死法圖鑑（rare＋模糊提示）
✅ R61 ⑥ 體力見底點帝王全餐 → 宵夜帝王全流程＋跨局收集
✅ R61 ⑥ 體力正常吃帝王全餐：活路分支（r61_yexiaoking 落地、零誤殺）
✅ R61 ⑥ 老年體力見底全糖到底 → 代謝崩潰全流程＋跨局收集
✅ R61 ⑥ 體力正常全糖到底：活路分支（r61_sugarelder 落地、零誤殺）
✅ R61 ⑦ 成就「半糖人生」：半糖＋2 杯解鎖、1 杯或無半糖旗標不解鎖
✅ R61 ⑦ 成就「夜市制霸」：三堂宵夜課解鎖、缺堂不解鎖、舊存檔無 seen 不炸
✅ R61 ⑦ 成就「戒糖成功」：r61_sugarfree 正反例
✅ R61 ⑦ 三個新成就獵人提示齊備
✅ R61 ⑧ 舊存檔相容：ensureState 補鍵、無成癮計數戒糖事件不開
✅ R61 ⑧ 舊存檔無 r61 鍵：成就不誤觸、升級選項隱藏
✅ R61 ⑨ 零汙染：開局 S.flags 無任何 r61 鍵
✅ R62 ① 8 事件齊備全 once、stage 覆蓋童年到老年
✅ R62 ① 平衡護欄：單選項 |eff|<=8（含 br 分流）、w<=3
✅ R62 ① 健檢/長照 R46 保底註冊（童年預防針/求學診所不配保底零擠壓）
✅ R62 ② 小病拖延 inc r62_delay 諱疾忌醫計數落地（診所烙跑）
✅ R62 ② 急診升級(>=2)/健檢終局(>=3) 計數門檻鎖定與解鎖
✅ R62 ② 及早就醫 r62_early 落地 → 健檢安心分支落 r62_allgreen
✅ R62 ③ e70 顯示電台賣藥、長輩群組絕緣
✅ R62 ③ e10 顯示長輩群組、電台賣藥絕緣
✅ R62 ③ e90/舊存檔無 era 鍵：年代選項皆絕緣、基本選項照常
✅ R62 ④ 住院理賠分支：沒簽保單隱藏、R57 人情保單旗標現身
✅ R62 ④ 醫療附約理賠落地 r62_payout（理財記憶回扣 R57）
✅ R62 ⑤ 健檢紅字加料：手搖成癮 2 杯絕緣、3 杯現身（飲食回扣 R61）
✅ R62 ⑥ sickdrag/nhirun 收錄進死法圖鑑（rare＋模糊提示）
✅ R62 ⑥ 體力見底健保卡逛三科 → 逛院過勞全流程＋跨局收集
✅ R62 ⑥ 體力正常逛三科：活路分支（r62_runking 落地、零誤殺）
✅ R62 ⑥ 諱疾忌醫拉滿＋體力見底不回診 → 諱疾忌醫全流程＋跨局收集
✅ R62 ⑥ 體力正常硬拖：活路分支（r62_survivor 落地、零誤殺）
✅ R62 ⑦ 成就「健保模範生」：及早就醫＋零拖延解鎖、有拖延或無旗標不解鎖
✅ R62 ⑦ 成就「鐵齒人生」：拖滿 3 次＋活過 70 解鎖、計數或年齡不足不解鎖
✅ R62 ⑦ 成就「健檢全綠」：全綠旗標＋85 歲解鎖、年齡或旗標不足不解鎖
✅ R62 ⑦ 三個新成就獵人提示齊備
✅ R62 ⑧ 舊存檔相容：ensureState 後無計數鍵、升級/終局 cond 不開
✅ R62 ⑧ 舊存檔無 r62 鍵：成就不誤觸、門檻選項全隱藏
✅ R62 ⑨ 零汙染：開局 S.flags 無任何 r62 鍵
✅ R63 ① 9 事件齊備全 once、stage 覆蓋童年到老年
✅ R63 ① 平衡護欄：單選項 |eff|<=8（含 br 分流）、w<=3
✅ R63 ① 停車位/老騎士終局 R46 保底註冊（童年三貼/駕照筆試不配保底零擠壓）
✅ R63 ② 危險駕駛 inc r63_sanbao 馬路三寶計數落地（不戴帽兜風）
✅ R63 ② 行人地獄升級(>=2)/老年終局(>=3) 計數門檻鎖定與解鎖
✅ R63 ② 無車路線 r63_nobike 落地、不沾三寶計數
✅ R63 ③ e70 顯示野雞遊覽車、高鐵絕緣
✅ R63 ③ e10 顯示高鐵共享機車、野雞車絕緣
✅ R63 ③ e90/舊存檔無 era 鍵：年代選項皆絕緣、基本選項照常
✅ R63 ④ 現金買車位分支：沒贏過股海隱藏、R57 少年股神旗標現身
✅ R63 ④ 車位產權落地 r63_parkown（理財記憶回扣 R57）
✅ R63 ⑤ walkhell/sanbaogod 收錄進死法圖鑑（rare＋模糊提示）
✅ R63 ⑥ 體力見底滑手機過馬路 → 行人地獄全流程＋跨局收集
✅ R63 ⑥ 體力正常滑手機：活路分支（嚇出冷汗＋三寶計數+1、零誤殺）
✅ R63 ⑥ 三寶拉滿＋體力見底硬騎 → 三寶昇華全流程＋跨局收集
✅ R63 ⑥ 體力正常硬騎：活路分支（r63_legendlive 落地、零誤殺）
✅ R63 ⑦ 成就「模範用路人」：進鏈＋零三寶＋活到 60 解鎖、有計數或年齡不足不解鎖
✅ R63 ⑦ 成就「三寶傳奇」：計數滿 3＋活過 75 解鎖、計數或年齡不足不解鎖
✅ R63 ⑦ 成就「無車人生」：無車＋老年公車雙旗標解鎖、單旗標不解鎖
✅ R63 ⑦ 三個新成就獵人提示齊備
✅ R63 ⑧ 舊存檔相容：ensureState 後無計數鍵、升級/終局 cond 不開
✅ R63 ⑧ 舊存檔無 r63 鍵：成就不誤觸、門檻選項全隱藏
✅ R63 ⑨ 零汙染：開局 S.flags 無任何 r63 鍵
✅ R64 ① 9 事件齊備全 once、stage 覆蓋新訓到退伍後同學會
✅ R64 ① 平衡護欄：單選項 |eff|<=8、w<=3
✅ R64 ① 全段 cond 掛兵役旗標＋R46 保底註冊（未進鏈零擠壓）
✅ R64 ② 懇談 cond：在營未簽未退可觸發、已簽/已退/已苦熬絕緣
✅ R64 ② 簽下去接上 r58_signup 志願役線、苦熬落 r64_endure 義務役線
✅ R64 ② 軍餉理財：志願役月薪/義務役零頭選項依簽約狀態互斥分流
✅ R64 ③ 挺學弟/凹學弟雙向計數獨立累積（r64_ting／r64_ao）
✅ R64 ③ 同學會敬酒門檻：挺滿 2 次解鎖、r64_legacy 退伍文案落地
✅ R64 ④ e70 顯示金馬獎開講、四個月絕緣
✅ R64 ④ e10 顯示四個月被圍剿、金馬獎絕緣
✅ R64 ④ e90/舊存檔無 era 鍵：年代選項皆絕緣、基本選項照常
✅ R64 ⑤ 定存退伍老本分支：沒當兵存款隱藏、志願役月薪/義務役小金庫旗標現身
✅ R64 ⑤ 退伍老本滾定存落地 r64_vetfund（理財記憶回扣 R57）
✅ R64 ⑥ marchheat/vetdrunk 收錄進死法圖鑑（rare＋模糊提示）
✅ R64 ⑥ 體力見底硬漢行軍 → 行軍蒸發全流程＋跨局收集
✅ R64 ⑥ 體力正常硬漢行軍：活路分支（r64_ironman 落地、零誤殺）
✅ R64 ⑥ 體力見底同梯拚酒 → 同梯拚酒全流程＋跨局收集
✅ R64 ⑥ 體力正常拚酒：活路分支（r64_drinkout 落地、零誤殺）
✅ R64 ⑦ 成就「金馬獎得主」：外島開講旗標解鎖、無旗標不誤觸
✅ R64 ⑦ 成就「饅頭數完了」：饅頭日曆＋退伍雙旗標解鎖、單旗標不解鎖
✅ R64 ⑦ 成就「永遠的學長」：挺學弟滿 3 解鎖、2 次不解鎖
✅ R64 ⑦ 三個新成就獵人提示齊備
✅ R64 ⑧ 舊存檔相容：ensureState 後無 r64 鍵、cond 不開、成就不誤觸
✅ R64 ⑧ 舊存檔無 r64 鍵：門檻選項全隱藏、基本選項照常
✅ R64 ⑨ 零汙染：開局 S.flags 無任何 r64 鍵
✅ R65 ① 8 事件齊備全 once、stage 覆蓋出社會租屋到中老年都更
✅ R65 ① 平衡護欄：單選項 |eff|<=8、w<=3
✅ R65 ① 全段 cond 確定性＋R46 保底註冊（已購屋/未進鏈零擠壓）
✅ R65 ② 人生單選題 cond：無殼未選邊可觸發、已購屋/已買/已不買互斥絕緣
✅ R65 ② 買落房奴線（homeowner+loan）、不買落 r65_nobuy 租屋自由線（互斥）
✅ R65 ③ 看房/被欺負雙隱性計數獨立累積（r65_view／r65_bully）
✅ R65 ③ 怒買門檻：欺負滿 2＋財富 55 解鎖、r65_revenge 落地
✅ R65 ④ e70 顯示一坪八萬咬牙買、天價蛋黃區絕緣
✅ R65 ④ e10 顯示蛋黃區看展、早年隨便買絕緣
✅ R65 ④ e90/舊存檔無 era 鍵：年代選項皆絕緣、基本選項照常
✅ R65 ⑤ 股海頭期款分支：沒有少年股神戰果隱藏、r57_leekwin 現身
✅ R65 ⑤ 獲利了結全壓頭期款落地 r65_stockhouse（資金排擠回扣 R57）
✅ R65 ⑥ 工程師信貸：高薪職業財富 50+ 現身、低財富/其他職業絕緣（回扣 R50）
✅ R65 ⑥ 信貸上車落地 r65_engloan＋homeowner＋loan
✅ R65 ⑦ rooftopheat/loanburnout 收錄進死法圖鑑（rare＋模糊提示）
✅ R65 ⑦ 體力見底住頂加 → 頂加違建之夏全流程＋跨局收集
✅ R65 ⑦ 體力正常住頂加：活路分支（r65_rooftop 落地、零誤殺）
✅ R65 ⑦ 體力見底激進還款 → 房貸過勞全流程＋跨局收集
✅ R65 ⑦ 體力正常激進還款：活路分支（r65_payoff 落地、零誤殺）
✅ R65 ⑧ 成就「無殼蝸牛三十年」：不買守到 58 解鎖、年齡不足/後來買房不誤觸
✅ R65 ⑧ 成就「蛋黃區傳說」：早年低價買＋抱到 60 解鎖、單條件不解鎖
✅ R65 ⑧ 成就「都更釘子戶」：釘子旗標解鎖、無旗標不誤觸
✅ R65 ⑧ 三個新成就獵人提示齊備
✅ R65 ⑨ 舊存檔相容：ensureState 後無 r65 鍵、cond 不開、成就不誤觸
✅ R65 ⑨ 舊存檔無 r65 鍵：門檻選項全隱藏、基本選項照常
✅ R65 ⑩ 零汙染：開局 S.flags 無任何 r65 鍵
✅ R66 ① 9 事件齊備全 once、stage 覆蓋童年第一次上網到老年總清算
✅ R66 ① 平衡護欄：單選項 |eff|<=8、w<=3
✅ R66 ① 全段走自然池零保底（中年年槽已緊、避免擠壓既有邊緣事件）
✅ R66 ② 老年分流 cond：沉迷 5+ 開鍵盤線、<5 開現充線、互斥絕緣
✅ R66 ② 鍵盤線落 r66_oldnet、現充線落 r66_oldreal（互斥落地）
✅ R66 ③ 沉迷度 r66_net 跨事件（嘴砲/課金/筆戰）獨立累積
✅ R66 ③ 聲量 r66_fame 獨立計數、不污染沉迷度
✅ R66 ④ e70 顯示撥接 BBS、短影音絕緣
✅ R66 ④ e10 顯示短影音、撥接絕緣
✅ R66 ④ 舊存檔無 era 鍵：年代選項皆絕緣、基本選項照常
✅ R66 ④ e80 剁手節顯示電視購物、直播帶貨絕緣
✅ R66 ④ e20 剁手節顯示直播帶貨、電視購物絕緣
✅ R66 ⑤ 零股分支：無股海戰果隱藏、r57_leekwin 現身（回扣 R57）
✅ R66 ⑤ 課金預算轉零股落地 r66_savewin、不沾沉迷度
✅ R66 ⑥ 工程師查證機器人：eng 現身、其他職業絕緣（回扣 R50）
✅ R66 ⑥ 寫扣打筆戰落地 r66_codewar＋聲量、不沾沉迷度
✅ R66 ⑦ lanparty/donatedry 收錄進死法圖鑑（rare＋模糊提示）
✅ R66 ⑦ 體力見底包夜 → 網咖包夜猝死全流程＋跨局收集
✅ R66 ⑦ 體力正常包夜：活路分支（r66_cafe＋沉迷度落地、零誤殺）
✅ R66 ⑦ 財富見底抖內 → 抖內斷糧全流程＋跨局收集
✅ R66 ⑦ 財富正常抖內：活路分支（r66_donor 落地、零誤殺）
✅ R66 ⑧ 成就「萬年潛水員」：潛水到 45 解鎖、年齡不足/沒潛水不誤觸
✅ R66 ⑧ 成就「百萬訂閱傳說」：爆紅旗標解鎖、一般開台不誤觸
✅ R66 ⑧ 成就「數位排毒成功」：沉迷 3+ 且真戒斷解鎖、單條件不解鎖
✅ R66 ⑧ 三個新成就獵人提示齊備
✅ R66 ⑨ 舊存檔相容：ensureState 後無 r66 鍵、cond 不炸、成就不誤觸
✅ R66 ⑨ 舊存檔無 r66 鍵：門檻選項全隱藏、基本選項照常
✅ R66 ⑩ 零汙染：開局 S.flags 無任何 r66 鍵
✅ R67 ① 5 事件齊備全 once、stage 合法、choices>=3、w<=3
✅ R67 ① 平衡護欄：單選項 |eff|<=8
✅ R67 ② 防災力門檻 cond：3+ 開超前部署大師線、<3 鎖、臨時抱佛腳線恆在
✅ R67 ② 大師線落 r67_master、抱佛腳線落 r67_lastminute（同 once 事件互斥落地）
✅ R67 ③ 防災力 r67_prep 跨事件（颱風/地震/淹水超前部署）獨立累積 0→3
✅ R67 ③ 防災力累到 3 → 停水停電大師門檻解鎖
✅ R67 ④ e10 顯示國家級警報+PTT、收音機絕緣
✅ R67 ④ e70 顯示收音機跑馬燈、國家級警報絕緣
✅ R67 ④ 舊存檔無 era 鍵：年代選項皆絕緣、基本選項照常
✅ R67 ⑤ 無車族淡定線：r63_nobike/r63_buslife 現身、有車/舊存檔絕緣（回扣 R63）
✅ R67 ⑤ 慣老闆不放假硬騎落地 r67_floodbike＋r67_attend（全勤背刺）
✅ R67 ⑥ r67_spa 收錄進死法圖鑑（rare＋模糊提示＋場景存在）
✅ R67 ⑥ 泡湯死法選項：hp<=20 且 age>=45 才現身（被逼到絕境才出現）
✅ R67 ⑥ 體力見底(hp<=14)硬泡 → 寒流泡湯確定性死＋跨局收集
✅ R67 ⑥ 體力 15~20 硬泡：活路分支（r67_spasurvive 落地、零誤殺）
✅ R67 ⑥ 其他選項（穿短袖逞強）體力見底也零誤殺
✅ R67 ⑦ 成就「超前部署大師」：r67_master 旗標解鎖、只有防災力不誤觸
✅ R67 ⑦ 成就「颱風假全勤獎」：r67_attend 旗標解鎖、僅泡水無打卡不誤觸
✅ R67 ⑦ 兩個新成就獵人提示齊備
✅ R67 ⑧ 零汙染：開局 S.flags 無任何 r67 鍵
✅ R67 ⑧ ensureState 相容：舊存檔不補 r67 鍵、門檻 cond 靠 ||0 不炸、成就不誤觸

結果: ✅ 狀態機全數正確
